<akomaNtoso xmlns="http://docs.oasis-open.org/legaldocml/ns/akn/3.0" xmlns:leos="urn:eu:europa:ec:leos">
    <doc name="ANNEX">
        <mainBody leos:origin="ec" xml:id="mainBody">
            <level leos:origin="ec" xml:id="level_1" leos:depth="1">
                <num leos:origin="ec" xml:id="level_1_num">1.</num>
                <content leos:origin="ec" xml:id="level_1_c">
                    <p leos:origin="ec" xml:id="level_1_c_p">Without heading - only short content</p>
                </content>
            </level>
            <level xml:id="akn_level_oERm2k" leos:softaction="add" leos:softuser="jane"
                   leos:softdate="2020-10-05T18:54:24.950+02:00" leos:softactionroot="true" leos:depth="1" leos:origin="cn">
                <num leos:editable="false">1a.</num>
                <content>
                    <p>Text...</p>
                </content>
            </level>
        </mainBody>
    </doc>
</akomaNtoso>