<akomaNtoso xmlns="http://docs.oasis-open.org/legaldocml/ns/akn/3.0" xmlns:leos="urn:eu:europa:ec:leos">
    <doc name="ANNEX">
        <mainBody leos:origin="ec" xml:id="mainBody">
            <level leos:origin="ec" xml:id="level_1" leos:depth="1">
                <num leos:origin="ec" xml:id="level_1_num">1.</num>
                <content leos:origin="ec" xml:id="level_1_c">
                    <p leos:origin="ec" xml:id="level_1_c_p">Without heading - only short content</p>
                </content>
            </level>
            <part xml:id="par_M0cfqI" leos:origin="cn" leos:softaction="add" leos:softuser="jane" leos:softdate="2021-05-14T14:43:51.040+02:00" leos:softactionroot="true">
                <num leos:origin="cn">#</num>
                <heading>Part heading...</heading>
                <title xml:id="tit_skbamQ" leos:origin="cn" leos:softaction="add" leos:softuser="jane" leos:softdate="2021-05-14T14:43:51.040+02:00" leos:softactionroot="true">
                    <num leos:origin="cn">#</num>
                    <heading>Title heading...</heading>
                    <chapter xml:id="cha_UNLWxQ" leos:origin="cn" leos:softaction="add" leos:softuser="jane" leos:softdate="2021-05-14T14:43:51.039+02:00" leos:softactionroot="true">
                        <num leos:origin="cn">#</num>
                        <heading>Chapter heading...</heading>
                        <section xml:id="sec_WEoPGW" leos:origin="cn" leos:softaction="add" leos:softuser="jane" leos:softdate="2021-05-14T14:43:51.038+02:00" leos:softactionroot="true">
                            <num leos:origin="cn">#</num>
                            <heading>Section heading...</heading>
                            <level xml:id="lev_IdlddT" leos:origin="cn" leos:softaction="add" leos:softuser="jane" leos:softdate="2021-05-14T14:43:51.038+02:00" leos:softactionroot="true" leos:depth="5">
                                <num leos:origin="cn">#</num>
                                <subparagraph xml:id="akn_subparagraph_AQHdHW" leos:softaction="add" leos:softuser="jane" leos:softdate="2021-05-14T14:43:51.037+02:00" leos:softactionroot="true">
                                    <content>
                                        <p>Text...</p>
                                    </content>
                                </subparagraph>
                                <list xml:id="lis_mf4d49" leos:softaction="add" leos:softuser="jane" leos:softdate="2021-05-14T14:43:51.036+02:00" leos:softactionroot="true" leos:origin="cn">
                                    <point xml:id="new_point_1" leos:softaction="add" leos:softactionroot="true" leos:softuser="jane" leos:softdate="2021-05-14T14:43:51.036+02:00" leos:origin="cn">
                                        <num leos:origin="cn">(a)</num>
                                        <alinea xml:id="akn_alinea_vraErt" leos:softaction="add" leos:softuser="jane" leos:softdate="2021-05-14T14:43:51.035+02:00" leos:softactionroot="true">
                                            <content>
                                                <p>Text...</p>
                                            </content>
                                        </alinea>
                                        <list xml:id="lis_04mKMT" leos:softaction="add" leos:softuser="jane" leos:softdate="2021-05-14T14:43:51.034+02:00" leos:softactionroot="true" leos:origin="cn">
                                            <point xml:id="new_point_2" leos:softaction="add" leos:softactionroot="true" leos:softuser="jane" leos:softdate="2021-05-14T14:43:51.034+02:00" leos:origin="cn">
                                                <num leos:origin="cn">(i)</num>
                                                <alinea xml:id="akn_alinea_7scKbB" leos:softaction="add" leos:softuser="jane" leos:softdate="2021-05-14T14:43:51.033+02:00" leos:softactionroot="true">
                                                    <content>
                                                        <p>Text...</p>
                                                    </content>
                                                </alinea>
                                                <list xml:id="lis_wtHC34" leos:softaction="add" leos:softuser="jane" leos:softdate="2021-05-14T14:43:51.032+02:00" leos:softactionroot="true" leos:origin="cn">
                                                    <point xml:id="new_point_3" leos:softaction="add" leos:softactionroot="true" leos:softuser="jane" leos:softdate="2021-05-14T14:43:51.032+02:00" leos:origin="cn">
                                                        <num leos:origin="cn">(1)</num>
                                                        <alinea xml:id="akn_alinea_rFnglH" leos:softaction="add" leos:softuser="jane" leos:softdate="2021-05-14T14:43:51.031+02:00" leos:softactionroot="true">
                                                            <content>
                                                                <p>Text...</p>
                                                            </content>
                                                        </alinea>
                                                        <list xml:id="lis_0DYhC5" leos:softaction="add" leos:softuser="jane" leos:softdate="2021-05-14T14:43:51.025+02:00" leos:softactionroot="true" leos:origin="cn">
                                                            <indent xml:id="akn_indent_6KXpuW">
                                                                <num leos:editable="false">-</num>
                                                                <content>
                                                                    <p>Text...</p>
                                                                </content>
                                                            </indent>
                                                        </list>
                                                    </point>
                                                </list>
                                            </point>
                                        </list>
                                    </point>
                                </list>
                            </level>
                        </section>
                    </chapter>
                </title>
            </part>
        </mainBody>
    </doc>
</akomaNtoso>
