<level leos:origin="ec" xml:id="akn_level_rbbHoT">
    <num leos:origin="ec" xml:id="akn_5T2LIm">3.</num>
    <heading leos:origin="ec" xml:id="akn_Q7cDyn">
        Level with title and only
        content
    </heading>
    <subparagraph leos:origin="ec" leos:softaction="trans"
                  leos:softuser="jane" leos:softdate="2020-09-17T15:40:35.935+02:00"
                  xml:id="transformed_akn_level_rbbHoT"
                  class="leos-double-compare-added">
        <content leos:origin="ec" xml:id="akn_BgAUI2" class="leos-double-compare-added">
            <p xml:id="akn_B3eScM">
                Content - end approval authorities must ensure, before granting
                first and subsequent stage type-approvals, thatsuitable arrangements
                exist between the relevantmanufacturers for the supply and
                interchange of documents and information,
                <span class="leos-double-compare-removed">so that the completed type of vehicle meets the
                    technical requirements of all the relevant regulatory acts listed
                    in Annex II.
                </span>
            </p>
        </content>
    </subparagraph>
    <subparagraph leos:origin="cn" leos:softaction="add"
                  leos:softuser="jane" leos:softdate="2020-09-17T15:40:35.935+02:00"
                  xml:id="akn_JwsNfQ" class="leos-double-compare-added">
        <content xml:id="akn_9Bwdfa" class="leos-double-compare-added">
            <p xml:id="akn_Gftzmc" class="leos-double-compare-added">
                <span class="leos-double-compare-added">so that the completed type of vehicle meets the
                    technical requirements of all the relevant regulatory acts listed
                    in Annex II.
                </span>
            </p>
        </content>
    </subparagraph>
</level>