<akomaNtoso xmlns="http://docs.oasis-open.org/legaldocml/ns/akn/3.0"
            xmlns:leos="urn:eu:europa:ec:leos">
    <bill name="REG">
        <body xml:id="body">
            <article leos:origin="ls" leos:softaction="add" leos:softuser="demo" leos:softdate="2021-06-15T22:22:04.356+02:00" leos:deletable="false"
                     leos:editable="false"
                     xml:id="art_1">
                <num leos:editable="false" xml:id="art_1__num">Article 1</num>
                <heading xml:id="art_1__heading">Scope</heading>
                <paragraph leos:origin="ls" leos:softmove_label="Moved to Article 4(1)" leos:deletable="false"
                           leos:depth="1"
                           leos:editable="false"
                           leos:softaction="move_to"
                           leos:softactionroot="true"
                           leos:softdate="2020-10-07T16:55:04.311+02:00"
                           leos:softmove_to="art_1__para_1"
                           leos:softuser="jane"
                           xml:id="moved_art_1__para_1">
                    <num xml:id="moved_art_1__para_1__num">1.</num>
                    <content xml:id="moved_art_1__para_1__content">
                        <aknp xml:id="moved_art_1__para_1__content__p">Paragraph 1</aknp>
                    </content>
                </paragraph>
            </article>
            <article xml:id="akn_y6OhzY">
                <num xml:id="akn_y6OhzY_8zGjMY" class="ArticleNumber">Article 3</num>
                <paragraph xml:id="akn_y6OhzY_wXhbLC">
                    <num xml:id="akn_y6OhzY_9o7UGo" class="Paragraph(numbered)">1.</num>
                    <content xml:id="akn_y6OhzY_oJOy7x">
                        <aknp xml:id="akn_y6OhzY_GugpQ2" class="Paragraph(numbered)">Subject to paragraph 1, Article 3
                            <authorialNote xml:id="akn_y6OhzY_wmc6rE" marker="1">
                                <p xml:id="akn_y6OhzY_t0Un7D">TestNote1</p>
                            </authorialNote>
                        </aknp>
                    </content>
                </paragraph>
                <paragraph xml:id="akn_y6OhzY_Ghb2wp">
                    <num xml:id="akn_y6OhzY_XjbDX8">2.</num>
                    <content xml:id="akn_y6OhzY_MCt6zb">
                        <aknp xml:id="akn_y6OhzY_N4NyBk" class="Paragraph(numbered)">Par 2</aknp>
                    </content>
                </paragraph>
            </article>
            <part xml:id="part_1">
                <num xml:id="akn_U6JVmg">Part I</num>
                <heading xml:id="akn_gFxums">Part heading...</heading>
                <chapter leos:depth="2" xml:id="chapter_1">
                    <num xml:id="akn_9Stf16">Chapter 1</num>
                    <heading xml:id="akn_LFvufQ">Chapter heading...</heading>
                    <article leos:origin="ls" leos:softaction="add" leos:softuser="demo" leos:softdate="2021-06-15T22:22:04.359+02:00" leos:deletable="false"
                             leos:editable="false"

                             xml:id="art_2">
                        <num leos:editable="false" xml:id="art_2__num">Article 2</num>
                        <heading xml:id="art_2__heading">Scope</heading>
                        <paragraph leos:origin="ls" leos:softaction="add" leos:softuser="demo" leos:softdate="2021-06-15T22:22:04.361+02:00" leos:depth="1" xml:id="art_2__para_1">
                            <num xml:id="art_2__para_1__num">1.</num>
                            <content xml:id="art_2__para_1__content">
                                <aknp xml:id="art_2__para_1__content__p">Paragraph 1 of Article 2</aknp>
                            </content>
                        </paragraph>
                        <paragraph leos:origin="ls" leos:softmove_label="Moved from Article 1(1)" leos:depth="1"
                                   leos:softaction="move_from"
                                   leos:softactionroot="true"
                                   leos:softdate="2020-10-07T16:55:04.317+02:00"
                                   leos:softmove_from="moved_art_1__para_1"
                                   leos:softuser="jane"
                                   xml:id="art_1__para_1">
                            <num leos:origin="cn" xml:id="art_1__para_1__num">1a.</num>
                            <content xml:id="art_1__para_1__content">
                                <aknp xml:id="art_1__para_1__content__p">Paragraph 1</aknp>
                            </content>
                        </paragraph>
                    </article>
                </chapter>
            </part>
        </body>
    </bill>
</akomaNtoso>
