<?xml version="1.0" encoding="UTF-8"?>
<?xml-stylesheet type="text/css" href="renditions/html/css/annex.css"?>
<akomaNtoso xmlns="http://docs.oasis-open.org/legaldocml/ns/akn/3.0" xmlns:leos="urn:eu:europa:ec:leos"
            xmlns:xml="http://www.w3.org/XML/1998/namespace">
    <doc name="ANNEX">
        <meta>
            <identification source="~COM">
                <FRBRWork>
                    <FRBRthis value=""/>
                    <FRBRuri value=""/>
                    <FRBRdate date="9999-01-01" name=""/>
                    <FRBRauthor href=""/>
                    <FRBRcountry value="EU"/>
                    <FRBRprescriptive value="true"/>
                </FRBRWork>
                <FRBRExpression>
                    <FRBRthis value=""/>
                    <FRBRuri value=""/>
                    <FRBRdate date="9999-01-01" name=""/>
                    <FRBRauthor href=""/>
                    <FRBRlanguage language="en"/>
                </FRBRExpression>
                <FRBRManifestation>
                    <FRBRthis value=""/>
                    <FRBRuri value=""/>
                    <FRBRdate date="9999-01-01" name=""/>
                    <FRBRauthor href=""/>
                </FRBRManifestation>
            </identification>
            <references source="~COM">
                <TLCLocation xml:id="_BEL_BRU" href="http://publications.europa.eu/resource/authority/place/BEL_BRU"
                             showAs="Brussels"/>
                <TLCOrganization xml:id="CONSIL"
                                 href="http://publications.europa.eu/resource/authority/corporate-body/CONSIL"
                                 showAs="Council of the European Union"/>
                <TLCOrganization xml:id="EP" href="http://publications.europa.eu/resource/authority/corporate-body/EP"
                                 showAs="European Parliament"/>
                <TLCOrganization xml:id="COM" href="http://publications.europa.eu/resource/authority/corporate-body/COM"
                                 showAs="European Commission"/>
                <TLCRole xml:id="PRESID" href="http://publications.europa.eu/resource/authority/role/PRESID"
                         showAs="President"/>
                <TLCReference xml:id="ANNEX" name="docType"
                              href="http://publications.europa.eu/resource/authority/resource-type/ANNEX"
                              showAs="Annex"/>
                <TLCReference xml:id="legalBasis" name="contentSubject" href="http://eurovoc.europa.eu/5456"
                              showAs="Legal basis"/>
                <TLCReference xml:id="language" name="language"
                              href="http://publications.europa.eu/resource/authority/language/ENG" showAs="en"/>
            </references>
            <proprietary source="~leos">
                <leos:templateVersion>1.1.2</leos:templateVersion>
                <leos:docVersion>0.1.10</leos:docVersion>
                <leos:docTemplate>SG-017</leos:docTemplate>
                <leos:docPurpose xml:id="proprietary__docpurpose">on ...</leos:docPurpose>
                <leos:docStage xml:id="proprietary__docstage">Proposal for a</leos:docStage>
                <leos:template xml:id="proprietary_template">SG-017</leos:template>
                <leos:ref>annex_ckg7zryru0004hc24c0cbhsya</leos:ref>
                <leos:refOrigin>annex_ckg7yxv850004d824pb1rd2dk</leos:refOrigin>
                <leos:annexNumber xml:id="proprietary__annexNumber">Annex</leos:annexNumber>
                <leos:docType xml:id="proprietary__doctype">REGULATION OF THE EUROPEAN PARLIAMENT AND OF THE COUNCIL
                </leos:docType>
                <leos:annexIndex xml:id="proprietary__annexIndex">1</leos:annexIndex>
                <leos:annexTitle xml:id="proprietary__annexTitle"></leos:annexTitle>
                <leos:objectId>268</leos:objectId>
            </proprietary>
        </meta>

        <preface leos:origin="ec" xml:id="preface">
            <longTitle leos:origin="ec" xml:id="preface__longtitle">
                <p leos:origin="ec" xml:id="preface__longtitle__p">
                    <docType leos:origin="ec" refersTo="~ANNEX" xml:id="preface__longtitle__p__doctype">ANNEX</docType>
                    <docTitle leos:origin="ec" xml:id="preface__longtitle__p__doctitle"></docTitle>
                </p>
            </longTitle>
        </preface>
        <mainBody leos:origin="ec" xml:id="body">
            <level xml:id="akn_level_s6k9Ju" leos:origin="cn">
                <num xml:id="akn_eIGvW4">-2.</num>
                <heading xml:id="akn_WK0GNG">Heading Level</heading>
                <content xml:id="akn_MW13ra">
                    <p xml:id="akn_TlEOYi">Content level -2</p>
                </content>
            </level>
            <title leos:origin="ec" xml:id="akn_title_GieOFM">
                <num leos:origin="ec" xml:id="akn_sTx8nB">Title I</num>
                <heading leos:origin="ec" xml:id="akn_QDT7K1">Title heading...</heading>
                <level leos:origin="ec" xml:id="body_level_2">
                    <num leos:origin="cn" xml:id="body_level_2_num">-1.</num>
                    <content leos:origin="ec" xml:id="akn_HL4JLl">
                        <p leos:origin="ec" xml:id="body_level_2_content_p">Level 1.2</p>
                    </content>
                </level>

                <level leos:origin="ec" xml:id="akn_level_cN0er3">
                    <num leos:origin="ec" xml:id="akn_duz80P">1.1.</num>
                    <subparagraph leos:origin="ec" xml:id="akn_aF3qrC">
                        <content leos:origin="ec" xml:id="akn_kHg8QE">
                            <p leos:origin="ec" xml:id="akn_0GuxoX">Level 1.1 </p>
                        </content>
                    </subparagraph>
                    <subparagraph leos:origin="ec" xml:id="akn_8FPiwH">
                        <content leos:origin="ec" xml:id="akn_VCy4jl">
                            <p leos:origin="ec" xml:id="akn_nABQvt">Content 1.1</p>
                        </content>
                    </subparagraph>
                </level>
                <level leos:origin="ec" xml:id="akn_level_biIuvM">
                    <num leos:origin="ec" xml:id="akn_hv7AMt">1.1.1.</num>
                    <subparagraph leos:origin="ec" xml:id="akn_81XGRl">
                        <content leos:origin="ec" xml:id="akn_ULX2GT">
                            <p leos:origin="ec" xml:id="akn_Col53V">Level 1.1.1</p>
                        </content>
                    </subparagraph>
                    <list leos:origin="ec" xml:id="akn_OKrsPP">
                        <point leos:origin="ec" xml:id="akn_2wkgF4">
                            <num leos:origin="cn" xml:id="akn_LN7wn2">(-a)</num>
                            <alinea leos:origin="ec" xml:id="akn_l4nug5">
                                <content leos:origin="ec" xml:id="akn_KL87za">
                                    <p leos:origin="ec" xml:id="akn_m5tEWi">Point b</p>
                                </content>
                            </alinea>
                            <list leos:origin="ec" xml:id="akn_NVXoge">
                                <point leos:origin="ec" xml:id="akn_qEKrHf">
                                    <num leos:origin="ec" xml:id="akn_gqREnj">(i)</num>
                                    <content leos:origin="ec" xml:id="akn_7eYIBG">
                                        <p leos:origin="ec" xml:id="akn_I3tvwD">Point i</p>
                                    </content>
                                </point>
                            </list>
                        </point>
                        <point leos:origin="ec" xml:id="akn_5w7BCt">
                            <num leos:origin="ec" xml:id="akn_TKAU55">(a)</num>
                            <content leos:origin="ec" xml:id="akn_6toQ08">
                                <p leos:origin="ec" xml:id="akn_vDFspX">Point a</p>
                            </content>
                        </point>

                    </list>
                </level>
            </title>
            <chapter leos:origin="ec" xml:id="cha_50Itkz">
                <num leos:origin="ec" xml:id="akn_KCHj2e">Chapter #</num>
                <heading leos:origin="ec" xml:id="akn_UhESTJ">Chapter heading...</heading>

            </chapter>

            <level leos:origin="ec" xml:id="akn_level_bNmdKK">
                <num leos:origin="ec" xml:id="akn_AGFGEr">1.3.1.</num>
                <content leos:origin="ec" xml:id="akn_hZhC1x">
                    <p leos:origin="ec" xml:id="akn_FPe38v">Level 1.3.1</p>
                </content>
            </level>
            <level leos:origin="ec" xml:id="akn_level_vsTvn6">
                <num leos:origin="ec" xml:id="akn_X3Nk2x">1.3.1.1.</num>
                <content leos:origin="ec" xml:id="akn_nkJ5UV">
                    <p leos:origin="ec" xml:id="akn_HAKoSm">Level 1.3.1.1</p>
                </content>
            </level>
            <level leos:origin="ec" xml:id="akn_level_XPaQpn">
                <num leos:origin="ec" xml:id="akn_Jyytta">2.</num>
                <content leos:origin="ec" xml:id="akn_7G2Qwm">
                    <p leos:origin="ec" xml:id="akn_o8DJvk">Level 2</p>
                </content>
            </level>
            <paragraph leos:origin="ec" xml:id="akn_paragraph_nB6S2Y">
                <content leos:origin="ec" xml:id="akn_Etyf5C">
                    <p leos:origin="ec" xml:id="akn_hTFx5F">Paragraph  first</p>
                </content>
            </paragraph>

        </mainBody>
    </doc>
</akomaNtoso>
