<recital xml:id="akn_recital_fgyNN5" leos:editable="true" leos:origin="ec">
    <num xml:id="recs_vPMXt9" leos:origin="ec">(22)</num>
    <p xml:id="recs_M8QhF7" leos:origin="ec">In order to ensure uniform conditions for the implementation of
        <span class="leos-double-compare-removed-original">the obligation for parcel delivery providers to submit
            information to national regulatory authorities
        </span>
        <span class="leos-double-compare-added-original">this Regulation</span>, implementing powers should be conferred
        on the Commission to
        <span class="leos-double-compare-removed-original"></span>
        <span class="leos-double-compare-added-original"></span>establish a
        <span class="leos-double-compare-removed-original"></span>
        <span class="leos-double-compare-added-original"></span>form for the submission of such information<span
                class="leos-double-compare-added-original">by parcel delivery service providers to national regulatory
            authorities</span>. Those powers should be exercised in accordance with<span
                class="leos-double-compare-added-original">Regulation
        </span>
        <span class="leos-double-compare-removed-original">Regulation</span>(EU) No 182/2011 of the European Parliament
        and of the Council
        <span class="leos-double-compare-removed-original">
            <authorialNote leos:origin="ec" xml:id="deleted_recs_NLHLjg" marker="5">
                <p leos:origin="ec" xml:id="deleted_recs_PkrzW7">Regulation (EU) 182/2011 of the European Parliament and of the
                    Council of 16 February 2011 laying down the rules and general principles concerning mechanisms for
                    control by the Member States of the Commission's exercise of implementing powers (OJ L 55,
                    28.2.2011, p. 13 - 18).
                </p>
            </authorialNote>
        </span>
        <span class="leos-double-compare-removed-intermediate">
            <authorialNote marker="8" xml:id="deleted_1_recs_NLHLjg" leos:origin="ec">
                <p xml:id="deleted_1_recs_PkrzW7" leos:origin="ec">Regulation (EU) 182/2011 of the European Parliament and of the
                    Council of 16 February 2011 laying down the rules and general principles concerning mechanisms for
                    control by the Member States of the Commission's exercise of implementing powers (OJ L 55,
                    28.2.2011, p. 13).
                </p>
            </authorialNote>
        </span>
        <span class="leos-double-compare-added-intermediate">
            <authorialNote marker="8" xml:id="deleted_2_recs_NLHLjg" leos:origin="ec">
                <p xml:id="recs_PkrzW7" leos:origin="ec">Regulation (EU) 182/2011 of the European Parliament and of the
                    Council of 16 February 2011 laying down the principles concerning mechanisms for control by the
                    Member States of the Commission's exercise of implementing powers (OJ L 55, 28.2.2011, p. 13).
                </p>
            </authorialNote>
        </span>
        .
    </p>
</recital>