<akomaNtoso>
    <meta xml:id="test"></meta>
    <coverPage xml:id="testCover">
        <container name="annexNumber">
            <p>Annex 1</p>
        </container>
    </coverPage>
</akomaNtoso>