<?xml version="1.0" encoding="UTF-8"?>
<akomaNtoso xmlns="http://docs.oasis-open.org/legaldocml/ns/akn/3.0" xmlns:leos="urn:eu:europa:ec:leos"
            xmlns:xml="http://www.w3.org/XML/1998/namespace">
    <recitals leos:editable="false" xml:id="recs">
        <recital leos:editable="true" leos:origin="ec" xml:id="rec_1">
            <num>(1)</num>
            <p xml:id="rec_1__p">Recital...1</p>
        </recital>
        <recital leos:editable="true" leos:origin="cn" xml:id="rec_2">
            <num>(1a)</num>
            <p xml:id="rec_2__p">Recital...1a</p>
        </recital>
        <recital leos:editable="true" leos:origin="ec" xml:id="rec_2">
            <num>(2)</num>
            <p xml:id="rec_2__p">Recital...2</p>
        </recital>
    </recitals>
</akomaNtoso>