<akomaNtoso xmlns="http://docs.oasis-open.org/legaldocml/ns/akn/3.0" xmlns:leos="urn:eu:europa:ec:leos" xml:id="akn">
    <recitals xml:id="recs" leos:editable="false" leos:origin="ec">
        <recital xml:id="recs_jmIjdF" leos:editable="true" leos:origin="cn">
            <num xml:id="recs_WiyG0V" leos:origin="cn">(-1)</num>
            <p xml:id="recs_ILXjvV">blah blah blah...-3</p>
        </recital>
        <recital xml:id="recs_jmIjdF" leos:editable="true" leos:origin="cn">
            <num xml:id="recs_WiyG0V" leos:origin="cn">(-1a)</num>
            <p xml:id="recs_ILXjvV">blah blah blah...-2</p>
        </recital>
        <recital xml:id="recs_jmIjdF" leos:editable="true" leos:origin="cn">
            <num xml:id="recs_WiyG0V" leos:origin="cn">(-1b)</num>
            <p xml:id="recs_ILXjvV">blah blah blah...-1</p>
        </recital>
        <recital xml:id="rec_1" leos:editable="true" leos:origin="ec">
            <num xml:id="rec_1__num" leos:origin="ec">(1)</num>
            <p xml:id="rec_1__p" leos:origin="ec">Regulation (EC) No 91/2003 of the European Parliament and of the
                Council
            </p>
        </recital>
        <recital xml:id="imp_rec_d1e89_s3AqGd" leos:editable="true" leos:origin="ec">
            <num xml:id="recs_clDXkw" leos:origin="ec">(2)</num>
            <p xml:id="recs_vY7Jn8" leos:origin="ec">Regulation (EC) No 91/2003 of the European Parliament and of the
                Council
            </p>
        </recital>
        <recital xml:id="recs_jmIjdF" leos:editable="true" leos:origin="cn">
            <num xml:id="recs_WiyG0V" leos:origin="cn">(2a)</num>
            <p xml:id="recs_ILXjvV">blah blah blah...2a</p>
        </recital>
        <recital xml:id="imp_rec_d1e89_quAXDO" leos:editable="true" leos:origin="ec">
            <num xml:id="recs_o4jNQj" leos:origin="ec">(3)</num>
            <p xml:id="recs_hAbYkK" leos:origin="ec">Regulation (EC) No 91/2003 of the European Parliament and of the
                Council
            </p>
        </recital>
        <recital xml:id="recs_jmIjdF" leos:editable="true" leos:origin="cn">
            <num xml:id="recs_WiyG0V" leos:origin="cn">(3a)</num>
            <p xml:id="recs_ILXjvV">blah blah blah...3a</p>
        </recital>
        <recital xml:id="recs_Lt8Khg" leos:editable="true" leos:origin="cn">
            <num xml:id="recs_nRwj01" leos:origin="cn">(3b)</num>
            <p xml:id="recs_m67lb6">blah blah blah....3b</p>
        </recital>
    </recitals>
</akomaNtoso>