<akomaNtoso xmlns="http://docs.oasis-open.org/legaldocml/ns/akn/3.0" xmlns:leos="urn:eu:europa:ec:leos" xmlns:xml="http://www.w3.org/XML/1998/namespace">
    <documentCollection name="PROP_ACT">
        <meta>
        </meta>

        <coverPage xml:id="coverpage">
        </coverPage>

        <collectionBody xml:id="body">
            <component refersTo="#memorandum" xml:id="body_cmp_1">
                <documentRef href="memorandum_cksyaotr60002s8283zfnj2vt.xml" showAs="Explanatory Memorandum" xml:id="body_cmp_1__dref_1"/>
            </component>
            <component refersTo="#bill" xml:id="body_cmp_2">
                <documentRef href="bill_cksyaouxb0003s828sqpul5di.xml" showAs="Regulation of the European Parliament and of the Council" xml:id="body_cmp_1__dref_2"/>
            </component>
            <component refersTo="#council_explanatory" xml:id="akn_brDLRi">
                <documentRef href="explanatory_cksyaovm00004s828ljloqpfx.xml" showAs="Council Explanatory" xml:id="akn_owcK0Q"/>
            </component>
            <component refersTo="#council_explanatory" xml:id="akn_OSsJLx">
                <documentRef href="explanatory_cksyaow720005s8282cyznybt.xml" showAs="Council Explanatory" xml:id="akn_gTBp7T"/>
            </component>
            <component refersTo="#council_explanatory">
                <documentRef href="newValueCouncilExplanatory" showAs="Council Explanatory"/>
            </component>
        </collectionBody>
    </documentCollection>
</akomaNtoso>