<akomaNtoso xmlns="http://docs.oasis-open.org/legaldocml/ns/akn/3.0" xmlns:leos="urn:eu:europa:ec:leos"
            xmlns:xml="http://www.w3.org/XML/1998/namespace">
    <bill name="REG">
        <body leos:origin="ec" xml:id="body">
            <part leos:origin="ec" xml:id="part_1">
                <num leos:origin="ec" xml:id="akn_U6JVmg">Part I</num>
                <heading leos:origin="ec" xml:id="akn_gFxums">Part heading...</heading>
                <chapter leos:origin="ec" xml:id="chapter_1">
                    <num leos:origin="ec" xml:id="akn_9Stf16">Chapter 1</num>
                    <heading leos:origin="ec" xml:id="akn_LFvufQ">Chapter heading...</heading>
                    <article leos:origin="ec" xml:id="art_3" leos:editable="false" leos:deletable="false">
                        <num leos:origin="ec" leos:editable="false" xml:id="art_3__num">Article 1</num>
                        <heading leos:origin="ec" xml:id="art_3__heading">Scope</heading>
                        <paragraph leos:origin="ec" xml:id="art_3__para_1">
                            <num leos:origin="ec" xml:id="art_3__para_1__num">1.</num>
                            <content leos:origin="ec" xml:id="art_3__para_1__content">
                                <p leos:origin="ec" xml:id="art_3__para_1__content__p">Paragraph 1</p>
                            </content>
                        </paragraph>
                    </article>
                    <section xml:id="akn_section_dxjGsc" leos:softaction="add"
                             leos:softuser="jane" leos:softdate="2020-10-05T16:38:52.602+02:00" leos:softactionroot="true"
                             leos:origin="cn">
                        <num xml:id="akn_kkKBST">#</num>
                        <heading xml:id="akn_65WHvP">Section heading...</heading>
                    </section>
                </chapter>
            </part>
        </body>
    </bill>
</akomaNtoso>