<akomaNtoso xmlns="http://docs.oasis-open.org/legaldocml/ns/akn/3.0" xmlns:leos="urn:eu:europa:ec:leos"
            xmlns:xml="http://www.w3.org/XML/1998/namespace">
    <bill name="REG">
        <body leos:origin="ec" xml:id="body">
            <article leos:origin="ec" xml:id="deleted_art_1" leos:editable="false" leos:deletable="false"
                     leos:softaction="del" leos:softuser="jane"
                     leos:softdate="2020-10-02T16:51:14.676+02:00" leos:softactionroot="true">
                <num leos:origin="ec" leos:editable="false" xml:id="deleted_art_1__num">Article 1</num>
                <heading leos:origin="ec" xml:id="deleted_art_1__heading">Scope</heading>
                <paragraph leos:origin="ec" xml:id="deleted_art_1__para_1" leos:depth="1" leos:softaction="del" leos:editable="false"
                           leos:deletable="false" leos:softuser="jane"
                           leos:softdate="2020-10-02T16:51:14.661+02:00" leos:softactionroot="true">
                    <num leos:origin="ec" xml:id="deleted_art_1__para_1__num">1.</num>
                    <content leos:origin="ec" xml:id="deleted_art_1__para_1__content">
                        <p leos:origin="ec" xml:id="deleted_art_1__para_1__content__p">Paragraph 1</p>
                    </content>
                </paragraph>
                <paragraph leos:origin="ec" xml:id="deleted_art_1_par_2" leos:depth="1" leos:softaction="del"
                           leos:editable="false" leos:deletable="false" leos:softuser="jane"
                           leos:softdate="2020-10-02T16:51:14.676+02:00" leos:softactionroot="true">
                    <num leos:origin="ec" xml:id="deleted_art_1_par_2_num">1.</num>
                    <subparagraph leos:origin="ec" xml:id="deleted_art_1_subpar_1" leos:softaction="del"
                                  leos:editable="false" leos:deletable="false"
                                  leos:softuser="jane" leos:softdate="2020-10-02T16:51:14.664+02:00"
                                  leos:softactionroot="true">
                        <content leos:origin="ec" xml:id="deleted_art_1_subpar_1_content">
                            <p leos:origin="ec" xml:id="deleted_art_1_subpar_1_content_p">Paragraph 2 (subparagraph 1)
                            </p>
                        </content>
                    </subparagraph>
                    <subparagraph leos:origin="ec" xml:id="deleted_art_1_6MFQQu" leos:softaction="del"
                                  leos:editable="false" leos:deletable="false"
                                  leos:softuser="jane" leos:softdate="2020-10-02T16:51:14.665+02:00"
                                  leos:softactionroot="true">
                        <content leos:origin="ec" xml:id="deleted_art_1_buB8hY">
                            <p leos:origin="ec" xml:id="deleted_art_1_PAM8AI">Paragraph 2 (subparagraph 2)</p>
                        </content>
                    </subparagraph>
                    <list leos:origin="ec" xml:id="deleted_art_1_gcqulC" leos:softaction="del"
                          leos:editable="false" leos:deletable="false"
                          leos:softuser="jane" leos:softdate="2020-10-02T16:51:14.675+02:00" leos:softactionroot="true">
                        <point leos:origin="ec" xml:id="deleted_art_1_point_a" leos:softaction="del"
                               leos:editable="false" leos:deletable="false"
                               leos:softuser="jane" leos:softdate="2020-10-02T16:51:14.673+02:00"
                               leos:softactionroot="true">
                            <num leos:origin="ec" xml:id="deleted_art_1_MUmEFY">(a)</num>
                            <alinea leos:origin="ec" xml:id="deleted_art_1_lgt5Qg" leos:softaction="del"
                                    leos:editable="false" leos:deletable="false"
                                    leos:softuser="jane" leos:softdate="2020-10-02T16:51:14.665+02:00"
                                    leos:softactionroot="true">
                                <content leos:origin="ec" xml:id="deleted_art_1_qQV1JS">
                                    <p leos:origin="ec" xml:id="deleted_art_1_yrmukB">Point (a)</p>
                                </content>
                            </alinea>
                            <list leos:origin="ec" xml:id="deleted_art_1_VaQgsq" leos:softaction="del"
                                  leos:editable="false" leos:deletable="false"
                                  leos:softuser="jane" leos:softdate="2020-10-02T16:51:14.672+02:00"
                                  leos:softactionroot="true">
                                <point leos:origin="ec" xml:id="deleted_art_1_point_i" leos:softaction="del"
                                       leos:editable="false" leos:deletable="false"
                                       leos:softuser="jane" leos:softdate="2020-10-02T16:51:14.666+02:00"
                                       leos:softactionroot="true">
                                    <num leos:origin="ec" xml:id="deleted_art_1_point_i_num">(i)</num>
                                    <content leos:origin="ec" xml:id="deleted_art_1_point_i_c">
                                        <p leos:origin="ec" xml:id="deleted_art_1_point_i_c_p">Point (i)</p>
                                    </content>
                                </point>
                                <point leos:origin="ec" xml:id="deleted_art_1_point_ii" leos:softaction="del"
                                       leos:editable="false" leos:deletable="false"
                                       leos:softuser="jane" leos:softdate="2020-10-02T16:51:14.671+02:00"
                                       leos:softactionroot="true">
                                    <num leos:origin="ec" xml:id="deleted_art_1_point_ii_num">(ii)</num>
                                    <alinea leos:origin="ec" xml:id="deleted_art_1_point_ii_alinea" leos:softaction="del"
                                            leos:editable="false" leos:deletable="false"
                                            leos:softuser="jane" leos:softdate="2020-10-02T16:51:14.666+02:00"
                                            leos:softactionroot="true">
                                        <content leos:origin="ec" xml:id="deleted_art_1_point_ii_c">
                                            <p leos:origin="ec" xml:id="deleted_art_1_point_ii_c_p">Point (ii)</p>
                                        </content>
                                    </alinea>
                                    <list leos:origin="ec" xml:id="deleted_art_1_AyLL6n" leos:softaction="del"
                                          leos:editable="false" leos:deletable="false"
                                          leos:softuser="jane" leos:softdate="2020-10-02T16:51:14.670+02:00"
                                          leos:softactionroot="true">
                                        <point leos:origin="ec" xml:id="deleted_art_1_point_1" leos:softaction="del"
                                               leos:editable="false" leos:deletable="false"
                                               leos:softuser="jane" leos:softdate="2020-10-02T16:51:14.667+02:00"
                                               leos:softactionroot="true">
                                            <num leos:origin="ec" xml:id="deleted_art_1_point_1_num">(1)</num>
                                            <content leos:origin="ec" xml:id="deleted_art_1_point_1_c">
                                                <p leos:origin="ec" xml:id="deleted_art_1_point_1_c_p">Point (1)</p>
                                            </content>
                                        </point>
                                        <point leos:origin="ec" xml:id="deleted_art_1_point_2" leos:softaction="del"
                                               leos:editable="false" leos:deletable="false"
                                               leos:softuser="jane" leos:softdate="2020-10-02T16:51:14.669+02:00"
                                               leos:softactionroot="true">
                                            <num leos:origin="ec" xml:id="deleted_art_1_point_2_num">(2)</num>
                                            <alinea leos:origin="ec" xml:id="deleted_art_1_point_2_alinea"
                                                    leos:softaction="del" leos:editable="false" leos:deletable="false"
                                                    leos:softuser="jane" leos:softdate="2020-10-02T16:51:14.667+02:00"
                                                    leos:softactionroot="true">
                                                <content leos:origin="ec" xml:id="deleted_art_1_point_2_c">
                                                    <p leos:origin="ec" xml:id="deleted_art_1_point_2_c_p">Point (2)</p>
                                                </content>
                                            </alinea>
                                            <list leos:origin="ec" xml:id="deleted_art_1_ORCrsm" leos:softaction="del"
                                                  leos:editable="false" leos:deletable="false"
                                                  leos:softuser="jane" leos:softdate="2020-10-02T16:51:14.669+02:00"
                                                  leos:softactionroot="true">
                                                <indent leos:origin="ec" xml:id="deleted_art_1_indent_1"
                                                        leos:softaction="del"
                                                        leos:editable="false" leos:deletable="false"
                                                        leos:softuser="jane" leos:softdate="2020-10-02T16:51:14.668+02:00"
                                                        leos:softactionroot="true">
                                                    <num leos:origin="ec" xml:id="deleted_art_1_indent_1_num">-</num>
                                                    <alinea leos:origin="ec" xml:id="deleted_art_1_indent_1_alinea1"
                                                        leos:softaction="del"
                                                        leos:editable="false" leos:deletable="false"
                                                        leos:softuser="jane" leos:softdate="2020-10-02T16:51:14.668+02:00"
                                                        leos:softactionroot="true">
                                                        <content leos:origin="ec" xml:id="deleted_art_1_indent_1_c">
                                                            <p leos:origin="ec" xml:id="deleted_art_1_indent_1_c_p">
                                                                indent 1
                                                            </p>
                                                        </content>
                                                    </alinea>
                                                    <alinea leos:origin="ec" xml:id="deleted_art_1_indent_1_alinea2"
													    leos:softaction="del"
                                                        leos:editable="false" leos:deletable="false"
                                                        leos:softuser="jane" leos:softdate="2020-10-02T16:51:14.668+02:00"
                                                        leos:softactionroot="true">
                                                        <content leos:origin="ec" xml:id="deleted_art_1_indent_1_1_c">
                                                            <p leos:origin="ec" xml:id="deleted_art_1_indent_1_1_c_p">
                                                                subpoint of indent 1
                                                            </p>
                                                        </content>
                                                    </alinea>
                                                </indent>
                                                <indent leos:origin="ec" xml:id="deleted_art_1_indent_2"
                                                        leos:softaction="del"
                                                        leos:editable="false" leos:deletable="false"
                                                        leos:softuser="jane" leos:softdate="2020-10-02T16:51:14.668+02:00"
                                                        leos:softactionroot="true">
                                                    <num leos:origin="ec" xml:id="deleted_art_1_indent_2_num">-</num>
													<content leos:origin="ec" xml:id="deleted_art_1_indent_2_c">
														<p leos:origin="ec" xml:id="deleted_art_1_indent_2_c_p">
															indent 2
														</p>
													</content>
                                                </indent>
                                            </list>
                                        </point>
                                    </list>
                                </point>
                            </list>
                        </point>
                        <point leos:origin="ec" xml:id="deleted_art_1_point_b" leos:softaction="del"
                               leos:editable="false" leos:deletable="false"
                               leos:softuser="jane" leos:softdate="2020-10-02T16:51:14.673+02:00"
                               leos:softactionroot="true">
                            <num leos:origin="ec" xml:id="deleted_art_1_point_b_num">(b)</num>
                            <content leos:origin="ec" xml:id="deleted_art_1_point_b_c">
                                <p leos:origin="ec" xml:id="deleted_art_1_point_b_c_p">Point (b)</p>
                            </content>
                        </point>
                        <point leos:origin="ec" xml:id="deleted_art_1_point_c" leos:softaction="del"
                               leos:editable="false" leos:deletable="false"
                               leos:softuser="jane" leos:softdate="2020-10-02T16:51:14.674+02:00"
                               leos:softactionroot="true">
                            <num leos:origin="ec" xml:id="deleted_art_1_point_c_num">(c)</num>
                            <content leos:origin="ec" xml:id="deleted_art_1_point_c_c">
                                <p leos:origin="ec" xml:id="deleted_art_1_point_c_c_p">Point (c)</p>
                            </content>
                        </point>
                    </list>
                </paragraph>
            </article>

            <article leos:origin="ec" xml:id="art_2" leos:editable="false" leos:deletable="false">
                <num leos:origin="ec" leos:editable="false" xml:id="art_2__num">Article 1</num>
                <heading leos:origin="ec" xml:id="art_2__heading">Scope</heading>
                <paragraph leos:origin="ec" xml:id="art_2__para_1" leos:depth="1">
                    <num leos:origin="ec" xml:id="art_2__para_1__num">1.</num>
                    <content leos:origin="ec" xml:id="art_2__para_1__content">
                        <p leos:origin="ec" xml:id="art_2__para_1__content__p">Paragraph 1</p>
                    </content>
                </paragraph>
            </article>
        </body>
    </bill>
</akomaNtoso>