<akomaNtoso xmlns="http://docs.oasis-open.org/legaldocml/ns/akn/3.0" xmlns:leos="urn:eu:europa:ec:leos"
            xmlns:xml="http://www.w3.org/XML/1998/namespace">
    <bill name="REG">
        <body leos:origin="ec" xml:id="body">
            <article leos:origin="ec" xml:id="art_1" leos:editable="false" leos:deletable="false"
                     leos:softaction="undelete" leos:softuser="jane"
                     leos:softdate="2020-10-02T17:07:47.024+02:00">
                <num leos:origin="ec" leos:editable="false" xml:id="art_1__num">Article 1</num>
                <heading leos:origin="ec" xml:id="art_1__heading">Scope</heading>
                <paragraph leos:origin="ec" xml:id="art_1__para_1" leos:depth="1"
                           leos:softaction="undelete" leos:softuser="jane"
                           leos:softdate="2020-10-02T17:07:47.006+02:00">
                    <num leos:origin="ec" xml:id="art_1__para_1__num">1.</num>
                    <content leos:origin="ec" xml:id="art_1__para_1__content">
                        <p leos:origin="ec" xml:id="art_1__para_1__content__p">Paragraph 1</p>
                    </content>
                </paragraph>
                <paragraph leos:origin="ec" xml:id="art_1_par_2" leos:depth="1"
                           leos:softaction="undelete" leos:softuser="jane"
                           leos:softdate="2020-10-02T17:07:47.024+02:00">
                    <num leos:origin="ec" xml:id="art_1_par_2_num">1.</num>
                    <subparagraph leos:origin="ec" xml:id="art_1_subpar_1"
                                  leos:softaction="undelete"
                                  leos:softuser="jane" leos:softdate="2020-10-02T17:07:47.010+02:00">
                        <content leos:origin="ec" xml:id="art_1_subpar_1_content">
                            <p leos:origin="ec" xml:id="art_1_subpar_1_content_p">Paragraph 2 (subparagraph 1)
                            </p>
                        </content>
                    </subparagraph>
                    <subparagraph leos:origin="ec" xml:id="art_1_6MFQQu"
                                  leos:softaction="undelete"
                                  leos:softuser="jane" leos:softdate="2020-10-02T17:07:47.010+02:00">
                        <content leos:origin="ec" xml:id="art_1_buB8hY">
                            <p leos:origin="ec" xml:id="art_1_PAM8AI">Paragraph 2 (subparagraph 2)</p>
                        </content>
                    </subparagraph>
                    <list leos:origin="ec" xml:id="art_1_gcqulC"
                          leos:softaction="undelete" leos:softuser="jane"
                          leos:softdate="2020-10-02T17:07:47.023+02:00">
                        <point leos:origin="ec" xml:id="art_1_point_a"
                               leos:softaction="undelete"
                               leos:softuser="jane" leos:softdate="2020-10-02T17:07:47.020+02:00">
                            <num leos:origin="ec" xml:id="art_1_MUmEFY">(a)</num>
                            <alinea leos:origin="ec" xml:id="art_1_lgt5Qg"
                                    leos:softaction="undelete"
                                    leos:softuser="jane" leos:softdate="2020-10-02T17:07:47.011+02:00">
                                <content leos:origin="ec" xml:id="art_1_qQV1JS">
                                    <p leos:origin="ec" xml:id="art_1_yrmukB">Point (a)</p>
                                </content>
                            </alinea>
                            <list leos:origin="ec" xml:id="art_1_VaQgsq"
                                  leos:softaction="undelete"
                                  leos:softuser="jane" leos:softdate="2020-10-02T17:07:47.019+02:00">
                                <point leos:origin="ec" xml:id="art_1_point_i"
                                       leos:softaction="undelete"
                                       leos:softuser="jane" leos:softdate="2020-10-02T17:07:47.011+02:00">
                                    <num leos:origin="ec" xml:id="art_1_point_i_num">(i)</num>
                                    <content leos:origin="ec" xml:id="art_1_point_i_c">
                                        <p leos:origin="ec" xml:id="art_1_point_i_c_p">Point (i)</p>
                                    </content>
                                </point>
                                <point leos:origin="ec" xml:id="art_1_point_ii"
                                       leos:softaction="undelete"
                                       leos:softuser="jane" leos:softdate="2020-10-02T17:07:47.018+02:00">
                                    <num leos:origin="ec" xml:id="art_1_point_ii_num">(ii)</num>
                                    <alinea leos:origin="ec" xml:id="art_1_point_ii_alinea"
                                            leos:softaction="undelete"
                                            leos:softuser="jane"
                                            leos:softdate="2020-10-02T17:07:47.012+02:00">
                                        <content leos:origin="ec" xml:id="art_1_point_ii_c">
                                            <p leos:origin="ec" xml:id="art_1_point_ii_c_p">Point (ii)</p>
                                        </content>
                                    </alinea>
                                    <list leos:origin="ec" xml:id="art_1_AyLL6n"
                                          leos:softaction="undelete"
                                          leos:softuser="jane" leos:softdate="2020-10-02T17:07:47.018+02:00">
                                        <point leos:origin="ec" xml:id="art_1_point_1"
                                               leos:softaction="undelete"
                                               leos:softuser="jane" leos:softdate="2020-10-02T17:07:47.013+02:00">
                                            <num leos:origin="ec" xml:id="art_1_point_1_num">(1)</num>
                                            <content leos:origin="ec" xml:id="art_1_point_1_c">
                                                <p leos:origin="ec" xml:id="art_1_point_1_c_p">Point (1)</p>
                                            </content>
                                        </point>
                                        <point leos:origin="ec" xml:id="art_1_point_2"
                                               leos:softaction="undelete"
                                               leos:softuser="jane" leos:softdate="2020-10-02T17:07:47.017+02:00">
                                            <num leos:origin="ec" xml:id="art_1_point_2_num">(2)</num>
                                            <alinea leos:origin="ec" xml:id="art_1_point_2_alinea"
                                                    leos:softaction="undelete"
                                                    leos:softuser="jane"
                                                    leos:softdate="2020-10-02T17:07:47.013+02:00">
                                                <content leos:origin="ec" xml:id="art_1_point_2_c">
                                                    <p leos:origin="ec" xml:id="art_1_point_2_c_p">Point (2)</p>
                                                </content>
                                            </alinea>
                                            <list leos:origin="ec" xml:id="art_1_ORCrsm"
                                                  leos:softaction="undelete"
                                                  leos:softuser="jane"
                                                  leos:softdate="2020-10-02T17:07:47.015+02:00">
                                                <indent leos:origin="ec" xml:id="art_1_indent_1"
                                                        leos:softaction="undelete"
                                                        leos:softuser="jane"
                                                        leos:softdate="2020-10-02T17:07:47.014+02:00">
                                                    <num leos:origin="ec" xml:id="art_1_indent_1_num">-</num>
                                                    <alinea leos:origin="ec" xml:id="art_1_indent_1_alinea1" leos:softaction="undelete" leos:softuser="jane" leos:softdate="2021-05-27T10:36:47.354+02:00">
                                                        <content leos:origin="ec" xml:id="art_1_indent_1_c">
                                                            <p leos:origin="ec" xml:id="art_1_indent_1_c_p">
                                                                indent 1
                                                            </p>
                                                        </content>
                                                    </alinea>
                                                     <alinea leos:origin="ec" xml:id="art_1_indent_1_alinea2" leos:softaction="undelete" leos:softuser="jane" leos:softdate="2021-05-27T10:36:47.354+02:00">
                                                        <content leos:origin="ec" xml:id="art_1_indent_1_1_c">
                                                            <p leos:origin="ec" xml:id="art_1_indent_1_1_c_p">
                                                                subpoint of indent 1
                                                            </p>
                                                        </content>
                                                    </alinea>
                                               </indent>
                                                <indent leos:origin="ec" xml:id="art_1_indent_2"
                                                        leos:softaction="undelete"
                                                        leos:softuser="jane"
                                                        leos:softdate="2020-10-02T17:07:47.014+02:00">
                                                    <num leos:origin="ec" xml:id="art_1_indent_2_num">-</num>
													<content leos:origin="ec" xml:id="art_1_indent_2_c">
														<p leos:origin="ec" xml:id="art_1_indent_2_c_p">
															indent 2
														</p>
													</content>
                                               </indent>
                                            </list>
                                        </point>
                                    </list>
                                </point>
                            </list>
                        </point>
                        <point leos:origin="ec" xml:id="art_1_point_b"
                               leos:softaction="undelete"
                               leos:softuser="jane" leos:softdate="2020-10-02T17:07:47.021+02:00">
                            <num leos:origin="ec" xml:id="art_1_point_b_num">(b)</num>
                            <content leos:origin="ec" xml:id="art_1_point_b_c">
                                <p leos:origin="ec" xml:id="art_1_point_b_c_p">Point (b)</p>
                            </content>
                        </point>
                        <point leos:origin="ec" xml:id="art_1_point_c"
                               leos:softaction="undelete"
                               leos:softuser="jane" leos:softdate="2020-10-02T17:07:47.022+02:00">
                            <num leos:origin="ec" xml:id="art_1_point_c_num">(c)</num>
                            <content leos:origin="ec" xml:id="art_1_point_c_c">
                                <p leos:origin="ec" xml:id="art_1_point_c_c_p">Point (c)</p>
                            </content>
                        </point>
                    </list>
                </paragraph>
            </article>

            <article leos:origin="ec" xml:id="art_2" leos:editable="false" leos:deletable="false">
                <num leos:origin="ec" leos:editable="false" xml:id="art_2__num">Article 1</num>
                <heading leos:origin="ec" xml:id="art_2__heading">Scope</heading>
                <paragraph leos:origin="ec" xml:id="art_2__para_1" leos:depth="1">
                    <num leos:origin="ec" xml:id="art_2__para_1__num">1.</num>
                    <content leos:origin="ec" xml:id="art_2__para_1__content">
                        <p leos:origin="ec" xml:id="art_2__para_1__content__p">Paragraph 1</p>
                    </content>
                </paragraph>
            </article>
        </body>
    </bill>
</akomaNtoso>