<akomaNtoso xmlns="http://docs.oasis-open.org/legaldocml/ns/akn/3.0" xmlns:leos="urn:eu:europa:ec:leos"
            xmlns:xml="http://www.w3.org/XML/1998/namespace">
    <bill name="REG">
        <body leos:origin="ec" xml:id="body">
            <article leos:origin="ec" xml:id="art_1" leos:editable="false" leos:deletable="false">
                <num leos:origin="ec" leos:editable="false" xml:id="art_1__num">Article 1</num>
                <heading leos:origin="ec" xml:id="art_1__heading">Scope</heading>
                <paragraph leos:origin="ec" xml:id="art_1__para_1">
                    <num leos:origin="ec" xml:id="art_1__para_1__num">1.</num>
                    <content leos:origin="ec" xml:id="art_1__para_1__content">
                        <p leos:origin="ec" xml:id="art_1__para_1__content__p">Paragraph 1</p>
                    </content>
                </paragraph>
            </article>
            <article xml:id="new_art_1" leos:origin="cn" leos:softaction="add"
                     leos:softuser="jane" leos:softdate="2020-10-01T16:55:22.707+02:00" leos:softactionroot="true">
                <num xml:id="new_art_1_u2PioT" leos:origin="cn">Article 1a</num>
                <heading xml:id="new_art_1_zPEeyF">Article heading...</heading>
                <paragraph xml:id="new_art_1_par_1" leos:softaction="add"
                           leos:softuser="jane" leos:softdate="2020-10-01T16:55:22.707+02:00" leos:softactionroot="true"
                           leos:origin="cn">
                    <num xml:id="new_art_1_SOzInI" leos:editable="false">1.</num>
                    <content xml:id="new_art_1_JDSDqk">
                        <p xml:id="new_art_1_C8cKoH">Text...</p>
                    </content>
                </paragraph>
            </article>
        </body>
    </bill>
</akomaNtoso>