<akomaNtoso xmlns="http://docs.oasis-open.org/legaldocml/ns/akn/3.0" xmlns:leos="urn:eu:europa:ec:leos"
            xmlns:xml="http://www.w3.org/XML/1998/namespace">
    <bill name="REG">
        <body leos:origin="ec" xml:id="body">
            <article leos:origin="ec" xml:id="art_1" leos:editable="false" leos:deletable="false">
                <num leos:origin="ec" leos:editable="false" xml:id="art_1__num">Article 1</num>
                <heading leos:origin="ec" xml:id="art_1__heading">Scope</heading>
                <paragraph leos:origin="ec" xml:id="art_1__para_1">
                    <num leos:origin="ec" xml:id="art_1__para_1__num">1.</num>
                    <subparagraph leos:origin="ec" xml:id="transformed_art_1__para_1" leos:softaction="trans"
                                  leos:softuser="jane" leos:softdate="2020-10-02T11:51:03.675+02:00" leos:softactionroot="true">
                        <content leos:origin="ec" xml:id="art_1__para_1__content">
                            <p leos:origin="ec" xml:id="art_1__para_1__content__p">Paragraph 1</p>
                        </content>
                    </subparagraph>
                    <list xml:id="art_1__para_1_list_1" leos:softaction="add" leos:softuser="jane"
                          leos:softdate="2020-10-02T11:51:03.670+02:00" leos:softactionroot="true" leos:origin="cn">
                        <point leos:origin="cn" leos:softaction="add" leos:softuser="jane"
                               leos:softdate="2020-10-02T11:51:03.699+02:00" xml:id="art_1_point_1">
                            <num xml:id="art_1_fm6c32" leos:editable="false">(a)</num>
                            <content xml:id="art_1_DWlSbT">
                                <p xml:id="art_1_RZVaeF">Text...</p>
                            </content>
                        </point>
                        <point leos:softaction="add" leos:softuser="jane" leos:softdate="2020-10-02T11:51:03.700+02:00"
                               xml:id="art_1_point_2" leos:origin="cn">
                            <num xml:id="art_1_Vsesgi" leos:editable="false">(b)</num>
                            <content xml:id="art_1_V8MtOQ">
                                <p xml:id="art_1_P5GJ8l">Text...</p>
                            </content>
                        </point>
                        <point leos:softaction="add" leos:softuser="jane" leos:softdate="2020-10-02T11:51:03.700+02:00"
                               xml:id="art_1_point_3" leos:origin="cn">
                            <num xml:id="art_1_UPz4Wl" leos:editable="false">(c)</num>
                            <content xml:id="art_1_N8j0Y6">
                                <p xml:id="art_1_AcaqR1">Text...</p>
                            </content>
                        </point>
                    </list>
                </paragraph>
            </article>
        </body>
    </bill>
</akomaNtoso>